sql_1m/point_by_unique_index
                        time:   [4.0966 µs 4.1063 µs 4.1154 µs]
                        change: [-3.5957% -2.0273% -0.4880%] (p = 0.02 < 0.05)
                        Change within noise threshold.
sql_1m/point_by_unique_index_bound
                        time:   [3.4109 µs 3.4380 µs 3.4740 µs]
                        change: [-0.2196% +0.1590% +0.7285%] (p = 0.67 > 0.05)
                        No change in performance detected.
Found 1 outliers among 10 measurements (10.00%)
  1 (10.00%) high severe
sql_1m/indexed_join_100_of_1m
                        time:   [154.81 µs 155.31 µs 156.10 µs]
                        change: [-1.6889% -1.1404% -0.5891%] (p = 0.00 < 0.05)
                        Change within noise threshold.
sql_1m/indexed_join_100_of_1m_bound
                        time:   [156.23 µs 158.30 µs 160.79 µs]
                        change: [+0.1546% +1.8934% +3.6954%] (p = 0.06 > 0.05)
                        No change in performance detected.
sql_1m/full_scan_filter_1m
                        time:   [304.94 µs 307.49 µs 309.71 µs]
                        change: [+0.5036% +1.2038% +1.8084%] (p = 0.00 < 0.05)
                        Change within noise threshold.
sql_1m/group_by_997_groups_1m
                        time:   [312.86 ms 313.29 ms 313.73 ms]
                        change: [+0.0719% +0.3079% +0.5569%] (p = 0.03 < 0.05)
                        Change within noise threshold.
sql_1m/group_by_10k_groups_1m
                        time:   [337.35 ms 338.07 ms 338.75 ms]
                        change: [-2.5228% -1.4004% -0.4358%] (p = 0.01 < 0.05)
                        Change within noise threshold.
Found 3 outliers among 10 measurements (30.00%)
  2 (20.00%) low mild
  1 (10.00%) high mild

