sql_1m/point_by_unique_index
                        time:   [4.0980 µs 4.1680 µs 4.2486 µs]
                        change: [+0.5179% +1.9957% +3.5471%] (p = 0.03 < 0.05)
                        Change within noise threshold.
sql_1m/point_by_unique_index_bound
                        time:   [3.4168 µs 3.4205 µs 3.4244 µs]
                        change: [+0.0752% +0.2378% +0.4006%] (p = 0.01 < 0.05)
                        Change within noise threshold.
Found 1 outliers among 10 measurements (10.00%)
  1 (10.00%) low mild
sql_1m/indexed_join_100_of_1m
                        time:   [156.67 µs 157.77 µs 158.85 µs]
                        change: [+0.8343% +1.4941% +2.1449%] (p = 0.00 < 0.05)
                        Change within noise threshold.
sql_1m/indexed_join_100_of_1m_bound
                        time:   [153.75 µs 154.53 µs 155.80 µs]
                        change: [+0.7959% +1.3836% +1.9424%] (p = 0.00 < 0.05)
                        Change within noise threshold.
Found 1 outliers among 10 measurements (10.00%)
  1 (10.00%) high mild
sql_1m/full_scan_filter_1m
                        time:   [301.24 µs 303.43 µs 306.72 µs]
                        change: [-0.2667% +0.2217% +0.7049%] (p = 0.48 > 0.05)
                        No change in performance detected.
Found 2 outliers among 10 measurements (20.00%)
  1 (10.00%) low mild
  1 (10.00%) high severe
sql_1m/group_by_997_groups_1m
                        time:   [311.72 ms 312.33 ms 312.91 ms]
                        change: [-2.5543% -1.4801% -0.5825%] (p = 0.01 < 0.05)
                        Change within noise threshold.
sql_1m/group_by_10k_groups_1m
                        time:   [339.64 ms 342.87 ms 346.71 ms]
                        change: [-2.3865% -1.0593% +0.3647%] (p = 0.19 > 0.05)
                        No change in performance detected.

