metric: full-v2 (normalized full virtual-user mix)
weights: 98.3; divisor: 98.3; operations: 16
scenario: baseline; scale: 20000 accounts, 5000 products; samples: 200 (40 heavy); repetitions: 3
operation           weight                elite               sqlite
browse               20.0%    121.1 us [120.5,121.3]     81.8 us [79.8,85.6]
product_detail       17.0%     13.6 us [12.3,14.1]      5.1 us [5.0,5.4]
session_check        12.0%     23.4 us [22.8,24.0]     12.4 us [12.3,15.3]
add_to_cart          10.0%     43.3 us [42.0,43.6]     22.9 us [22.6,23.0]
search_text           8.0%    133.0 us [129.9,133.1]     89.3 us [88.8,93.2]
view_cart             8.0%     23.1 us [22.5,23.4]      6.6 us [6.5,6.7]
recommend             7.0%    134.4 us [133.3,136.2]     45.6 us [45.5,46.6]
checkout              4.0%    181.3 us [177.4,260.0]     95.7 us [94.0,100.4]
update_cart_item      3.0%     31.9 us [31.3,32.8]     12.0 us [11.9,12.1]
order_history         3.0%     23.1 us [22.9,23.4]      7.8 us [7.7,7.9]
write_review          2.0%     33.8 us [32.5,34.3]     22.7 us [22.4,22.9]
relogin               1.5%     87.4 us [71.4,87.7]     50.1 us [49.5,52.4]
update_profile        1.0%     23.7 us [23.7,24.0]      5.9 us [5.8,6.0]
admin_dashboard       1.0%    891.9 us [891.8,903.0]    668.6 us [661.3,675.1]
signup                0.5%     40.3 us [39.7,42.2]     35.2 us [34.9,37.8]
restock               0.3%     33.5 us [32.8,34.1]     16.9 us [16.9,17.6]
weighted operation (median per operation): elite=77.2 us, sqlite=45.2 us
ratio elite/sqlite: 1.71x
