EliteSQL vs SQLite scalable benchmark
  EliteSQL:     0.0.1
  SQLite:       3.45.0 (rusqlite bundled)
  rows:         10000000
  batch size:   10000
  point reads:  100000 (warm cache, plus 1000 untimed warmups)
  full scans:   1 (unindexed score lookup)
  durability:   EliteSQL fast <-> SQLite WAL + synchronous=OFF 
  engines:      EliteSQL only
  EliteSQL load: batched transactions
  load timing:  ingest wall, final checkpoint, maintenance drain and worker time separated

EliteSQL
  EliteSQL: loaded 1000000/10000000 rows (10%)
  EliteSQL: loaded 2000000/10000000 rows (20%)
  EliteSQL: loaded 3000000/10000000 rows (30%)
  EliteSQL: loaded 4000000/10000000 rows (40%)
  EliteSQL: loaded 5000000/10000000 rows (50%)
  EliteSQL: loaded 6000000/10000000 rows (60%)
  EliteSQL: loaded 7000000/10000000 rows (70%)
  EliteSQL: loaded 8000000/10000000 rows (80%)
  EliteSQL: loaded 9000000/10000000 rows (90%)
  EliteSQL: loaded 10000000/10000000 rows (100%)
  load phases: 1.341 s record construction + 1.871 s staging + 2.888 s commit/bulk calls (automatic primary flushes may overlap)
  commit internals: 2.860 s total (1000), 0.535 s lock wait, 0.757 s prepare, 1.566 s WAL, 0.982 s apply, 0.000 s other/admission wait
  exclusive commit phases: 0.063 s prepare + 0.334 s record encode + 0.101 s validation + 0.390 s WAL encode + 0.452 s WAL append + 0.000 s sync wait + 0.982 s MVCC apply + 0.000 s maintenance wait
  primary LSM: 8 runs, 1 promotions (1.742 s worker time), 560.55 MiB checkpoint runs, 395.19 MiB read + 395.19 MiB written by promotions
  logical memory: 568 MiB configured; query peak 2.00/240 MiB, index-delta peak 121.14/128 MiB, maintenance peak 128.00/128 MiB (23 consolidations)

Result
engine     ingest wall    final cp       drain  total load       rows/s      point read    full scan
EliteSQL       6.103 s     0.340 s     0.020 s     6.463 s      1547219    19.950 us/op      1.776 s
           checkpoint work: 4.475 s (23), promotion work: 1.742 s (1), disk: 2085.37 MiB

CSV: /Users/jalbarracin/Code/elitesql/benchmark-results/sqlite-comparison-2026-09-26/scale-10m-10k-r1-elitesql.csv
