EliteSQL vs SQLite scalable benchmark
  EliteSQL:     0.0.1
  SQLite:       3.45.0 (rusqlite bundled)
  rows:         1000000
  batch size:   10000
  point reads:  100000 (warm cache, plus 1000 untimed warmups)
  full scans:   1 (unindexed score lookup)
  durability:   EliteSQL fast <-> SQLite WAL + synchronous=OFF 
  engines:      EliteSQL only
  EliteSQL load: batched transactions
  load timing:  ingest wall, final checkpoint, maintenance drain and worker time separated

EliteSQL
  EliteSQL: loaded 100000/1000000 rows (10%)
  EliteSQL: loaded 200000/1000000 rows (20%)
  EliteSQL: loaded 300000/1000000 rows (30%)
  EliteSQL: loaded 400000/1000000 rows (40%)
  EliteSQL: loaded 500000/1000000 rows (50%)
  EliteSQL: loaded 600000/1000000 rows (60%)
  EliteSQL: loaded 700000/1000000 rows (70%)
  EliteSQL: loaded 800000/1000000 rows (80%)
  EliteSQL: loaded 900000/1000000 rows (90%)
  EliteSQL: loaded 1000000/1000000 rows (100%)
  load phases: 0.134 s record construction + 0.170 s staging + 0.241 s commit/bulk calls (automatic primary flushes may overlap)
  commit internals: 0.238 s total (100), 0.027 s lock wait, 0.081 s prepare, 0.129 s WAL, 0.094 s apply, 0.000 s other/admission wait
  exclusive commit phases: 0.007 s prepare + 0.035 s record encode + 0.011 s validation + 0.042 s WAL encode + 0.022 s WAL append + 0.000 s sync wait + 0.094 s MVCC apply + 0.000 s maintenance wait
  primary LSM: 3 runs, 0 promotions (0.000 s worker time), 56.06 MiB checkpoint runs, 0.00 MiB read + 0.00 MiB written by promotions
  logical memory: 568 MiB configured; query peak 2.00/240 MiB, index-delta peak 121.29/128 MiB, maintenance peak 128.00/128 MiB (3 consolidations)

Result
engine     ingest wall    final cp       drain  total load       rows/s      point read    full scan
EliteSQL       0.548 s     0.226 s     0.000 s     0.774 s      1292145     7.573 us/op      0.017 s
           checkpoint work: 0.436 s (3), promotion work: 0.000 s (0), disk: 207.59 MiB

CSV: /Users/jalbarracin/Code/elitesql/benchmark-results/sqlite-comparison-2026-09-26/scale-1m-10k-r2-elitesql.csv
