EliteSQL vs SQLite scalable benchmark
  EliteSQL:     0.0.1
  SQLite:       3.45.0 (rusqlite bundled)
  rows:         1000000
  batch size:   10000
  point reads:  100000 (warm cache, plus 1000 untimed warmups)
  full scans:   1 (unindexed score lookup)
  durability:   EliteSQL fast <-> SQLite WAL + synchronous=OFF 
  engines:      SQLite only
  EliteSQL load: batched transactions
  load timing:  ingest wall, final checkpoint, maintenance drain and worker time separated

SQLite
  SQLite: loaded 100000/1000000 rows (10%)
  SQLite: loaded 200000/1000000 rows (20%)
  SQLite: loaded 300000/1000000 rows (30%)
  SQLite: loaded 400000/1000000 rows (40%)
  SQLite: loaded 500000/1000000 rows (50%)
  SQLite: loaded 600000/1000000 rows (60%)
  SQLite: loaded 700000/1000000 rows (70%)
  SQLite: loaded 800000/1000000 rows (80%)
  SQLite: loaded 900000/1000000 rows (90%)
  SQLite: loaded 1000000/1000000 rows (100%)
  transaction phases: 0.058 s value construction + 0.361 s execute + 0.171 s commit calls

Result
engine     ingest wall    final cp       drain  total load       rows/s      point read    full scan
SQLite         0.603 s     0.129 s     0.000 s     0.732 s      1365433     2.396 us/op      0.027 s
           checkpoint work: 0.129 s (1), promotion work: 0.000 s (0), disk: 151.45 MiB

CSV: /Users/jalbarracin/Code/elitesql/benchmark-results/sqlite-comparison-2026-09-26/scale-1m-10k-r3-sqlite.csv
