EliteSQL vs SQLite scalable benchmark
  EliteSQL:     0.0.1
  SQLite:       3.45.0 (rusqlite bundled)
  rows:         10000000
  batch size:   1000
  point reads:  100000 (warm cache, plus 1000 untimed warmups)
  full scans:   1 (unindexed score lookup)
  durability:   EliteSQL fast <-> SQLite WAL + synchronous=OFF 
  engines:      SQLite only
  EliteSQL load: batched transactions
  load timing:  ingest wall, final checkpoint, maintenance drain and worker time separated

SQLite
  SQLite: loaded 1000000/10000000 rows (10%)
  SQLite: loaded 2000000/10000000 rows (20%)
  SQLite: loaded 3000000/10000000 rows (30%)
  SQLite: loaded 4000000/10000000 rows (40%)
  SQLite: loaded 5000000/10000000 rows (50%)
  SQLite: loaded 6000000/10000000 rows (60%)
  SQLite: loaded 7000000/10000000 rows (70%)
  SQLite: loaded 8000000/10000000 rows (80%)
  SQLite: loaded 9000000/10000000 rows (90%)
  SQLite: loaded 10000000/10000000 rows (100%)
  transaction phases: 0.592 s value construction + 3.877 s execute + 1.557 s commit calls

Result
engine     ingest wall    final cp       drain  total load       rows/s      point read    full scan
SQLite         6.167 s     3.909 s     0.000 s    10.076 s       992485    15.915 us/op      1.959 s
           checkpoint work: 3.909 s (1), promotion work: 0.000 s (0), disk: 1520.70 MiB

CSV: /Users/jalbarracin/Code/elitesql/benchmark-results/sqlite-comparison-2026-09-26/scale-10m-1k-r3-sqlite.csv
