EliteSQL vs SQLite scalable benchmark
  EliteSQL:     0.0.1
  SQLite:       3.45.0 (rusqlite bundled)
  rows:         10000000
  batch size:   1000
  point reads:  100000 (warm cache, plus 1000 untimed warmups)
  full scans:   1 (unindexed score lookup)
  durability:   EliteSQL fast <-> SQLite WAL + synchronous=OFF 
  engines:      EliteSQL only
  EliteSQL load: batched transactions
  load timing:  ingest wall, final checkpoint, maintenance drain and worker time separated

EliteSQL
  EliteSQL: loaded 1000000/10000000 rows (10%)
  EliteSQL: loaded 2000000/10000000 rows (20%)
  EliteSQL: loaded 3000000/10000000 rows (30%)
  EliteSQL: loaded 4000000/10000000 rows (40%)
  EliteSQL: loaded 5000000/10000000 rows (50%)
  EliteSQL: loaded 6000000/10000000 rows (60%)
  EliteSQL: loaded 7000000/10000000 rows (70%)
  EliteSQL: loaded 8000000/10000000 rows (80%)
  EliteSQL: loaded 9000000/10000000 rows (90%)
  EliteSQL: loaded 10000000/10000000 rows (100%)
  load phases: 1.382 s record construction + 1.730 s staging + 3.984 s commit/bulk calls (automatic primary flushes may overlap)
  commit internals: 3.961 s total (10000), 0.621 s lock wait, 0.790 s prepare, 2.546 s WAL, 1.036 s apply, 0.000 s other/admission wait
  exclusive commit phases: 0.060 s prepare + 0.340 s record encode + 0.103 s validation + 0.420 s WAL encode + 1.374 s WAL append + 0.000 s sync wait + 1.036 s MVCC apply + 0.000 s maintenance wait
  primary LSM: 8 runs, 1 promotions (1.636 s worker time), 560.55 MiB checkpoint runs, 393.95 MiB read + 393.95 MiB written by promotions
  logical memory: 568 MiB configured; query peak 2.00/240 MiB, index-delta peak 119.22/128 MiB, maintenance peak 128.00/128 MiB (23 consolidations)

Result
engine     ingest wall    final cp       drain  total load       rows/s      point read    full scan
EliteSQL       7.097 s     0.148 s     0.000 s     7.245 s      1380184    21.288 us/op      1.969 s
           checkpoint work: 4.535 s (23), promotion work: 1.636 s (1), disk: 2085.37 MiB

CSV: /Users/jalbarracin/Code/elitesql/benchmark-results/sqlite-comparison-2026-09-26/scale-10m-1k-r2-elitesql.csv
