=== round 1 base 22:39:55
    10   13987.8    0.387      6.13     6.131   100.0    0.09   4.11   1.34   ok  40.98
   100   16477.2    2.085    41.193    41.194   100.0   0.465    6.7   1.63   ok  40.73
   errors: {'conflict_exhausted': 3}
   500   11400.7    4.989   254.718   254.719  99.815   1.105   7.36   1.72   ok  40.26
   errors: {'conflict_exhausted': 695}
  1000    9493.3    3.238   603.733   603.734  99.793   0.978   8.04   1.38   ok  40.58
   errors: {'conflict_exhausted': 428, 'error:16': 239}
  2000    7486.6    5.806   5005.91  5005.911  98.877   0.975   7.88   1.21   ok  43.39
   errors: {'conflict_exhausted': 388, 'error:16': 3001}
offline check: ok (25.14 s); after kill: 0 errors, 1103602 warnings
=== round 1 current 22:44:31
    10   16292.2    0.298     4.775     4.776   100.0     0.0   5.03   1.61   ok  40.81
   100   19475.0    0.819    42.203    42.205   100.0     0.0   6.94   2.08   ok  40.34
   500   16487.1    4.185   143.366   143.367   100.0     0.0   5.98    1.9   ok  40.28
  1000   17037.6    6.244   307.732   307.733   100.0     0.0    7.2   2.11   ok  40.51
  2000   13962.4    6.651   672.531   672.532   100.0     0.0   5.54   1.82   ok  40.76
offline check: ok (47.53 s); after kill: 0 errors, 1513030 warnings
=== round 1 sqlite 22:49:31
    10   20949.3    0.099     4.646     4.647   100.0     0.0   None    3.2   ok  40.35
   100   17222.7     0.24   101.567   101.568   100.0     0.0   None   6.25   ok  40.57
   500   14309.4    0.401  1118.754  1118.755   100.0     0.0   None   7.18   ok  41.39
  1000   14303.8    0.553  2193.533  2193.534   100.0     0.0   None   8.22   ok  42.21
  2000   13572.0    0.827  4009.043  4009.044   100.0     0.0   None   8.97   ok  43.88
offline check: ok (0.18 s)
=== round 2 base 22:53:32
    10   13783.7    0.389     5.871     5.872   100.0   0.085   4.06   1.31   ok  40.19
   100   16378.3    2.252    40.736    40.737  99.998   0.452   6.66   1.64   ok  40.87
   errors: {'conflict_exhausted': 12}
   500   10852.2    5.066   273.071   273.072  99.707   1.123   7.41   1.83   ok  40.54
   errors: {'conflict_exhausted': 1055}
  1000    9645.1     3.75   623.564   623.565  99.758   1.018   7.85   1.49   ok  40.42
   errors: {'conflict_exhausted': 618, 'error:16': 157}
  2000    8100.0     6.47   5003.01  5003.011  98.971   1.026   8.25   1.36   ok  45.86
   errors: {'conflict_exhausted': 573, 'error:16': 2859}
offline check: ok (24.5 s); after kill: 0 errors, 1098932 warnings
=== round 2 current 22:58:09
    10   16285.4    0.293     4.767     4.768   100.0     0.0   5.04   1.61   ok  40.21
   100   19914.5    0.764    41.916    41.917   100.0     0.0    7.1   2.04   ok  40.27
   500   17167.2    3.288   139.341   139.342   100.0     0.0   6.24   1.93   ok  40.26
  1000   16496.9    6.782   337.706   337.707   100.0     0.0   7.05    2.1   ok   40.3
  2000   14072.3    6.399   473.412   473.413   100.0     0.0   5.56   1.84   ok  40.49
offline check: ok (47.9 s); after kill: 0 errors, 1519698 warnings
=== round 2 sqlite 23:03:07
    10   20608.8    0.092     4.647     4.647   100.0     0.0   None   2.96   ok  40.33
   100   17853.8    0.221     99.71    99.711   100.0     0.0   None   5.98   ok  40.72
   500   15226.5    0.378  1097.947  1097.948   100.0     0.0   None   7.31   ok  41.37
  1000   14586.8    0.573  2125.058  2125.059   100.0     0.0   None   8.34   ok  42.39
  2000   13657.0    0.657  4026.881  4026.882   100.0     0.0   None   8.34   ok  44.27
offline check: ok (0.18 s)
