EliteSQL vs SQLite concurrent writers
  EliteSQL:    0.0.1
  SQLite:      3.45.0 (rusqlite bundled)
  writers:     [1, 4]
  total rows:  12000 per engine/run
  batch size:  10 rows/transaction
  repetitions: 3
  durability:  EliteSQL safe <-> SQLite WAL + synchronous=FULL
  SQLite sync: ["strict"]
  Safe coalescing window: 200 us
  checkpoints: outside measured write window
  EliteSQL           writers=1  run=1       2732 rows/s  p50=  3918.0 us  p95=  4105.7 us  p99=  4188.2 us  max=   9836.9 us  checkpoint=0.076 s  primitive=F_FULLFSYNC  wal_syncs=1200 avg=3581.7us commits/sync=1.00 max_group=1 grouped=0 coordinated=0/0  lock(wait/hold)=0.1/37.4 us prepare=1.5 append=27.9 apply=6.3 us
  SQLite-fullfsync   writers=1  run=1       2616 rows/s  p50=  3968.3 us  p95=  4152.5 us  p99=  4331.9 us  max=  10806.4 us  checkpoint=0.011 s  primitive=F_FULLFSYNC
  SQLite-fullfsync   writers=1  run=2       2650 rows/s  p50=  3963.1 us  p95=  4139.4 us  p99=  4832.7 us  max=   6016.1 us  checkpoint=0.015 s  primitive=F_FULLFSYNC
  EliteSQL           writers=1  run=2       2657 rows/s  p50=  3965.8 us  p95=  4092.4 us  p99=  4145.5 us  max=   5954.5 us  checkpoint=0.075 s  primitive=F_FULLFSYNC  wal_syncs=1200 avg=3669.8us commits/sync=1.00 max_group=1 grouped=0 coordinated=0/0  lock(wait/hold)=0.2/49.5 us prepare=1.6 append=39.2 apply=6.8 us
  EliteSQL           writers=1  run=3       2654 rows/s  p50=  3964.9 us  p95=  4102.0 us  p99=  4186.3 us  max=   9016.8 us  checkpoint=0.074 s  primitive=F_FULLFSYNC  wal_syncs=1200 avg=3678.5us commits/sync=1.00 max_group=1 grouped=0 coordinated=0/0  lock(wait/hold)=0.2/46.4 us prepare=1.5 append=36.7 apply=6.4 us
  SQLite-fullfsync   writers=1  run=3       2634 rows/s  p50=  3964.9 us  p95=  4118.7 us  p99=  5447.9 us  max=   7008.4 us  checkpoint=0.014 s  primitive=F_FULLFSYNC
  EliteSQL           writers=4  run=1       9934 rows/s  p50=  4006.9 us  p95=  4985.0 us  p99=  6101.8 us  max=  10128.8 us  checkpoint=0.077 s  primitive=F_FULLFSYNC  wal_syncs=300 avg=3560.2us commits/sync=4.00 max_group=4 grouped=1200 coordinated=1200/300  lock(wait/hold)=258.8/924.9 us prepare=7.1 append=15.5 apply=11.7 us
  SQLite-fullfsync   writers=4  run=1       2530 rows/s  p50=  3975.2 us  p95=  4120.8 us  p99=  4235.0 us  max=3588278.5 us  checkpoint=0.010 s  primitive=F_FULLFSYNC
  SQLite-fullfsync   writers=4  run=2       2548 rows/s  p50=  3972.0 us  p95=  4130.0 us  p99=  4326.2 us  max=3576138.2 us  checkpoint=0.011 s  primitive=F_FULLFSYNC
  EliteSQL           writers=4  run=2      10151 rows/s  p50=  3995.8 us  p95=  4963.3 us  p99=  5033.8 us  max=   5066.5 us  checkpoint=0.075 s  primitive=F_FULLFSYNC  wal_syncs=300 avg=3489.7us commits/sync=4.00 max_group=4 grouped=1200 coordinated=1200/300  lock(wait/hold)=256.9/903.9 us prepare=7.1 append=12.5 apply=11.3 us
  EliteSQL           writers=4  run=3      10223 rows/s  p50=  4001.9 us  p95=  4915.1 us  p99=  5013.6 us  max=   5064.4 us  checkpoint=0.079 s  primitive=F_FULLFSYNC  wal_syncs=300 avg=3465.3us commits/sync=4.00 max_group=4 grouped=1200 coordinated=1200/300  lock(wait/hold)=258.0/897.2 us prepare=6.9 append=12.5 apply=10.9 us
  SQLite-fullfsync   writers=4  run=3       2587 rows/s  p50=  3972.6 us  p95=  4113.3 us  p99=  4200.8 us  max=3491084.6 us  checkpoint=0.012 s  primitive=F_FULLFSYNC

CSV: /Users/jalbarracin/Code/elitesql/crates/elitesql-core/../../benchmark-results/transaction-ingest-2026-09-11/final/writers-safe.csv
