EliteSQL concurrent persisted readers and mixed workload
  fixture=100000 reads=1000000 mixed_write_rows=40000 batch=10 readers=[1, 2, 4, 8, 16] writers=[0, 1, 4] repetitions=3
  readers=1  writers=0  run=1 reads=   1060854/s p50=   0.88 us p95=    1.00 us p99=    1.25 us writes=        0/s wp99=    0.00 us scan=0.027 s query_waits=0 read_throttles=0 coordinated=0/0 lock(wait/hold)=0.0/0.0 us
  readers=1  writers=0  run=2 reads=   1100997/s p50=   0.83 us p95=    0.96 us p99=    1.12 us writes=        0/s wp99=    0.00 us scan=0.026 s query_waits=0 read_throttles=0 coordinated=0/0 lock(wait/hold)=0.0/0.0 us
  readers=1  writers=0  run=3 reads=   1034593/s p50=   0.88 us p95=    1.04 us p99=    1.67 us writes=        0/s wp99=    0.00 us scan=0.025 s query_waits=0 read_throttles=0 coordinated=0/0 lock(wait/hold)=0.0/0.0 us
  readers=2  writers=0  run=1 reads=   1438520/s p50=   1.25 us p95=    1.50 us p99=    1.71 us writes=        0/s wp99=    0.00 us scan=0.023 s query_waits=0 read_throttles=0 coordinated=0/0 lock(wait/hold)=0.0/0.0 us
  readers=2  writers=0  run=2 reads=   1441004/s p50=   1.25 us p95=    1.54 us p99=    1.88 us writes=        0/s wp99=    0.00 us scan=0.023 s query_waits=0 read_throttles=0 coordinated=0/0 lock(wait/hold)=0.0/0.0 us
  readers=2  writers=0  run=3 reads=   1434530/s p50=   1.29 us p95=    1.50 us p99=    1.67 us writes=        0/s wp99=    0.00 us scan=0.023 s query_waits=0 read_throttles=0 coordinated=0/0 lock(wait/hold)=0.0/0.0 us
  readers=4  writers=0  run=1 reads=   2402803/s p50=   1.50 us p95=    1.71 us p99=    1.92 us writes=        0/s wp99=    0.00 us scan=0.022 s query_waits=0 read_throttles=0 coordinated=0/0 lock(wait/hold)=0.0/0.0 us
  readers=4  writers=0  run=2 reads=   2396412/s p50=   1.50 us p95=    1.75 us p99=    2.00 us writes=        0/s wp99=    0.00 us scan=0.023 s query_waits=0 read_throttles=0 coordinated=0/0 lock(wait/hold)=0.0/0.0 us
  readers=4  writers=0  run=3 reads=   2394124/s p50=   1.50 us p95=    1.75 us p99=    2.00 us writes=        0/s wp99=    0.00 us scan=0.023 s query_waits=0 read_throttles=0 coordinated=0/0 lock(wait/hold)=0.0/0.0 us
  readers=8  writers=0  run=1 reads=   3269738/s p50=   2.17 us p95=    2.92 us p99=    3.42 us writes=        0/s wp99=    0.00 us scan=0.023 s query_waits=0 read_throttles=0 coordinated=0/0 lock(wait/hold)=0.0/0.0 us
  readers=8  writers=0  run=2 reads=   3366830/s p50=   2.12 us p95=    2.92 us p99=    3.33 us writes=        0/s wp99=    0.00 us scan=0.023 s query_waits=0 read_throttles=0 coordinated=0/0 lock(wait/hold)=0.0/0.0 us
  readers=8  writers=0  run=3 reads=   3680658/s p50=   1.79 us p95=    2.75 us p99=    3.21 us writes=        0/s wp99=    0.00 us scan=0.023 s query_waits=0 read_throttles=0 coordinated=0/0 lock(wait/hold)=0.0/0.0 us
  readers=16 writers=0  run=1 reads=   3949068/s p50=   2.08 us p95=    3.46 us p99=    4.46 us writes=        0/s wp99=    0.00 us scan=0.023 s query_waits=0 read_throttles=0 coordinated=0/0 lock(wait/hold)=0.0/0.0 us
  readers=16 writers=0  run=2 reads=   3956914/s p50=   2.08 us p95=    3.42 us p99=    4.50 us writes=        0/s wp99=    0.00 us scan=0.023 s query_waits=0 read_throttles=0 coordinated=0/0 lock(wait/hold)=0.0/0.0 us
  readers=16 writers=0  run=3 reads=   3945378/s p50=   2.12 us p95=    3.42 us p99=    4.42 us writes=        0/s wp99=    0.00 us scan=0.022 s query_waits=0 read_throttles=0 coordinated=0/0 lock(wait/hold)=0.0/0.0 us
  readers=1  writers=1  run=1 reads=   1001213/s p50=   0.92 us p95=    1.04 us p99=    1.29 us writes=    40049/s wp99=   22.33 us scan=0.034 s query_waits=0 read_throttles=0 coordinated=0/0 lock(wait/hold)=0.0/6.5 us
  readers=1  writers=1  run=2 reads=    979367/s p50=   0.92 us p95=    1.08 us p99=    1.79 us writes=    39175/s wp99=   20.33 us scan=0.030 s query_waits=0 read_throttles=0 coordinated=0/0 lock(wait/hold)=0.0/6.2 us
  readers=1  writers=1  run=3 reads=    975460/s p50=   0.92 us p95=    1.12 us p99=    1.50 us writes=    39018/s wp99=   29.75 us scan=0.029 s query_waits=0 read_throttles=0 coordinated=0/0 lock(wait/hold)=0.0/6.8 us
  readers=2  writers=1  run=1 reads=   1426974/s p50=   1.25 us p95=    1.42 us p99=    2.58 us writes=    57079/s wp99=   41.46 us scan=0.029 s query_waits=0 read_throttles=0 coordinated=0/0 lock(wait/hold)=0.0/12.4 us
  readers=2  writers=1  run=2 reads=   1462007/s p50=   1.21 us p95=    1.38 us p99=    2.58 us writes=    58480/s wp99=   41.33 us scan=0.030 s query_waits=0 read_throttles=0 coordinated=0/0 lock(wait/hold)=0.0/11.2 us
  readers=2  writers=1  run=3 reads=   1420927/s p50=   1.25 us p95=    1.42 us p99=    2.58 us writes=    56837/s wp99=   41.00 us scan=0.030 s query_waits=0 read_throttles=0 coordinated=0/0 lock(wait/hold)=0.0/11.1 us
  readers=4  writers=1  run=1 reads=   2181729/s p50=   1.33 us p95=    2.00 us p99=   13.71 us writes=    87269/s wp99=  137.21 us scan=0.030 s query_waits=0 read_throttles=0 coordinated=0/0 lock(wait/hold)=0.1/29.8 us
  readers=4  writers=1  run=2 reads=   2177719/s p50=   1.33 us p95=    1.92 us p99=   13.96 us writes=    87109/s wp99=  142.21 us scan=0.029 s query_waits=0 read_throttles=0 coordinated=0/0 lock(wait/hold)=0.1/30.6 us
  readers=4  writers=1  run=3 reads=   2158854/s p50=   1.33 us p95=    2.12 us p99=   14.17 us writes=    86354/s wp99=  163.25 us scan=0.030 s query_waits=0 read_throttles=0 coordinated=0/0 lock(wait/hold)=0.1/31.7 us
  readers=8  writers=1  run=1 reads=   2348925/s p50=   1.58 us p95=    3.62 us p99=   46.25 us writes=    93957/s wp99=  284.17 us scan=0.030 s query_waits=0 read_throttles=0 coordinated=0/0 lock(wait/hold)=0.1/79.0 us
  readers=8  writers=1  run=2 reads=   2321987/s p50=   1.62 us p95=    4.08 us p99=   38.67 us writes=    92879/s wp99=  337.62 us scan=0.031 s query_waits=0 read_throttles=0 coordinated=0/0 lock(wait/hold)=0.1/77.9 us
  readers=8  writers=1  run=3 reads=   2348962/s p50=   1.58 us p95=    3.58 us p99=   46.00 us writes=    93958/s wp99=  307.33 us scan=0.031 s query_waits=0 read_throttles=0 coordinated=0/0 lock(wait/hold)=0.1/77.9 us
  readers=16 writers=1  run=1 reads=   2299171/s p50=   2.21 us p95=   26.42 us p99=   77.33 us writes=    91967/s wp99=  396.17 us scan=0.030 s query_waits=0 read_throttles=46592 coordinated=0/0 lock(wait/hold)=0.1/71.4 us
  readers=16 writers=1  run=2 reads=   2398324/s p50=   2.21 us p95=   22.96 us p99=   68.83 us writes=    95933/s wp99=  358.17 us scan=0.030 s query_waits=0 read_throttles=38811 coordinated=0/0 lock(wait/hold)=0.1/62.7 us
  readers=16 writers=1  run=3 reads=   2350556/s p50=   2.25 us p95=   26.17 us p99=   75.67 us writes=    94022/s wp99=  339.08 us scan=0.030 s query_waits=0 read_throttles=45585 coordinated=0/0 lock(wait/hold)=0.1/66.7 us
  readers=1  writers=4  run=1 reads=   1008636/s p50=   0.92 us p95=    1.04 us p99=    1.46 us writes=    40345/s wp99=   84.46 us scan=0.031 s query_waits=0 read_throttles=0 coordinated=3861/1853 lock(wait/hold)=18.5/9.9 us
  readers=1  writers=4  run=2 reads=    995916/s p50=   0.92 us p95=    1.04 us p99=    1.46 us writes=    39837/s wp99=   83.25 us scan=0.032 s query_waits=0 read_throttles=0 coordinated=3854/1845 lock(wait/hold)=18.5/9.9 us
  readers=1  writers=4  run=3 reads=   1011476/s p50=   0.88 us p95=    1.00 us p99=    1.46 us writes=    40459/s wp99=   82.00 us scan=0.031 s query_waits=0 read_throttles=0 coordinated=3930/1926 lock(wait/hold)=18.6/9.8 us
  readers=2  writers=4  run=1 reads=   1457580/s p50=   1.21 us p95=    1.42 us p99=    1.79 us writes=    58303/s wp99=  121.88 us scan=0.032 s query_waits=0 read_throttles=0 coordinated=3826/1634 lock(wait/hold)=26.2/12.7 us
  readers=2  writers=4  run=2 reads=   1456565/s p50=   1.21 us p95=    1.42 us p99=    1.83 us writes=    58263/s wp99=  123.33 us scan=0.032 s query_waits=0 read_throttles=0 coordinated=3857/1688 lock(wait/hold)=28.0/13.2 us
  readers=2  writers=4  run=3 reads=   1391219/s p50=   1.25 us p95=    1.50 us p99=    2.29 us writes=    55649/s wp99=  121.46 us scan=0.032 s query_waits=0 read_throttles=0 coordinated=3845/1714 lock(wait/hold)=28.4/13.6 us
  readers=4  writers=4  run=1 reads=   2333602/s p50=   1.33 us p95=    1.79 us p99=    8.58 us writes=    93344/s wp99=  392.75 us scan=0.031 s query_waits=0 read_throttles=0 coordinated=3287/1058 lock(wait/hold)=41.4/26.5 us
  readers=4  writers=4  run=2 reads=   2326994/s p50=   1.33 us p95=    1.75 us p99=    8.79 us writes=    93080/s wp99=  360.12 us scan=0.032 s query_waits=0 read_throttles=0 coordinated=3371/1199 lock(wait/hold)=39.6/29.9 us
  readers=4  writers=4  run=3 reads=   2332757/s p50=   1.33 us p95=    1.83 us p99=    8.17 us writes=    93310/s wp99=  350.83 us scan=0.032 s query_waits=0 read_throttles=0 coordinated=3216/978 lock(wait/hold)=35.7/25.7 us
  readers=8  writers=4  run=1 reads=   2754961/s p50=   1.71 us p95=    3.12 us p99=   27.79 us writes=   110198/s wp99=  418.12 us scan=0.032 s query_waits=0 read_throttles=21124 coordinated=3318/1147 lock(wait/hold)=51.1/31.7 us
  readers=8  writers=4  run=2 reads=   2786094/s p50=   1.71 us p95=    3.12 us p99=   27.12 us writes=   111444/s wp99=  383.21 us scan=0.031 s query_waits=0 read_throttles=21275 coordinated=3406/1176 lock(wait/hold)=52.4/30.0 us
  readers=8  writers=4  run=3 reads=   2761326/s p50=   1.71 us p95=    3.08 us p99=   26.58 us writes=   110453/s wp99=  402.08 us scan=0.031 s query_waits=0 read_throttles=20553 coordinated=3423/1167 lock(wait/hold)=51.7/29.9 us
  readers=16 writers=4  run=1 reads=   2788229/s p50=   2.17 us p95=    6.12 us p99=   66.12 us writes=   111529/s wp99=  352.17 us scan=0.031 s query_waits=0 read_throttles=41553 coordinated=3552/1438 lock(wait/hold)=51.2/34.3 us
  readers=16 writers=4  run=2 reads=   2777772/s p50=   2.17 us p95=    6.58 us p99=   65.96 us writes=   111111/s wp99=  377.17 us scan=0.031 s query_waits=0 read_throttles=42963 coordinated=3522/1410 lock(wait/hold)=50.2/35.3 us
  readers=16 writers=4  run=3 reads=   2777732/s p50=   2.17 us p95=    6.75 us p99=   66.33 us writes=   111109/s wp99=  345.83 us scan=0.031 s query_waits=0 read_throttles=43393 coordinated=3546/1446 lock(wait/hold)=52.5/35.1 us

CSV: /Users/jalbarracin/Code/elitesql/benchmark-results/refresh-2026-09-11/mixed.csv
