EliteSQL vs SQLite scalable benchmark
  EliteSQL:     0.0.1
  SQLite:       3.45.0 (rusqlite bundled)
  rows:         10000000
  batch size:   10000
  point reads:  10000 (warm cache, plus 1000 untimed warmups)
  full scans:   3 (unindexed score lookup)
  durability:   EliteSQL fast <-> SQLite WAL + synchronous=OFF 
  engines:      EliteSQL only
  EliteSQL load: batched transactions
  load timing:  ingest wall, final checkpoint, maintenance drain and worker time separated

EliteSQL
  EliteSQL: loaded 1000000/10000000 rows (10%)
  EliteSQL: loaded 2000000/10000000 rows (20%)
  EliteSQL: loaded 3000000/10000000 rows (30%)
  EliteSQL: loaded 4000000/10000000 rows (40%)
  EliteSQL: loaded 5000000/10000000 rows (50%)
  EliteSQL: loaded 6000000/10000000 rows (60%)
  EliteSQL: loaded 7000000/10000000 rows (70%)
  EliteSQL: loaded 8000000/10000000 rows (80%)
  EliteSQL: loaded 9000000/10000000 rows (90%)
  EliteSQL: loaded 10000000/10000000 rows (100%)
  load phases: 3.146 s staging + 4.418 s commit/bulk calls (automatic primary flushes may overlap)
  commit internals: 4.227 s total (1000), 0.538 s lock wait, 1.233 s prepare, 2.448 s WAL, 1.860 s apply, 0.000 s other/admission wait
  primary LSM: 11 runs, 1 promotions (0.461 s worker time), 533.29 MiB checkpoint runs, 333.30 MiB read + 333.30 MiB written by promotions
  logical memory: 384 MiB configured; query peak 16.00/64 MiB, index-delta peak 113.57/128 MiB, maintenance peak 128.00/128 MiB (26 consolidations)

Result
engine     ingest wall    final cp       drain  total load       rows/s      point read    full scan
EliteSQL       7.566 s     0.132 s     0.000 s     7.698 s      1299036     2.494 us/op      0.165 s
           checkpoint work: 4.301 s (26), promotion work: 0.461 s (1), disk: 2248.85 MiB

CSV: /Users/jalbarracin/Code/elitesql/benchmark-results/refresh-2026-09-11/scale-txn-10m-r2-elitesql.csv
