ANN construction: m=16, ef_construction=200
ANN indexed ingest: 9.098925042s
ANN layout: monolithic=false, checkpoints=0, derived_publications=1
recall@10 (N=100000, dim=64, ef_search=64): 0.9520
recall@10 (N=100000, dim=64, ef_search=128): 0.9940
recall@10 (N=100000, dim=64, ef_search=256): 0.9980
recall@10 (N=100000, dim=64, ef_search=512): 1.0000
vector_100k/search_top10_ef64
                        time:   [193.87 µs 201.08 µs 208.27 µs]
vector_100k/search_top10_ef128
                        time:   [309.91 µs 313.02 µs 316.34 µs]
Found 1 outliers among 30 measurements (3.33%)
  1 (3.33%) high severe
vector_100k/search_top10_ef256
                        time:   [555.63 µs 565.80 µs 578.36 µs]
Found 1 outliers among 30 measurements (3.33%)
  1 (3.33%) high mild
vector_100k/search_top10_ef512
                        time:   [1.0838 ms 1.1322 ms 1.1751 ms]
Found 4 outliers among 30 measurements (13.33%)
  2 (6.67%) high mild
  2 (6.67%) high severe

open with persisted graph (N=100000, dim=64): 79.085291ms
