EliteSQL vs SQLite concurrent writers
  EliteSQL:    0.0.1
  SQLite:      3.45.0 (rusqlite bundled)
  writers:     [1, 2, 4, 8, 16]
  total rows:  40000 per engine/run
  batch size:  10 rows/transaction
  repetitions: 3
  durability:  EliteSQL safe <-> SQLite WAL + synchronous=FULL
  SQLite sync: ["strict"]
  Safe coalescing window: 200 us
  checkpoints: outside measured write window
  EliteSQL           writers=1  run=1       2930 rows/s  p50=  3074.4 us  p95=  4045.5 us  p99=  4125.9 us  max=   9867.2 us  checkpoint=0.102 s  primitive=F_FULLFSYNC  wal_syncs=4000 avg=3328.1us commits/sync=1.00 max_group=1 grouped=0 coordinated=0/0  lock(wait/hold)=0.1/45.7 us prepare=1.2 append=32.9 apply=11.0 us
  SQLite-fullfsync   writers=1  run=1       2884 rows/s  p50=  3068.7 us  p95=  4056.4 us  p99=  4218.6 us  max= 288000.7 us  checkpoint=0.018 s  primitive=F_FULLFSYNC
  SQLite-fullfsync   writers=1  run=2       2894 rows/s  p50=  3094.4 us  p95=  4060.5 us  p99=  4161.1 us  max=   9064.8 us  checkpoint=0.019 s  primitive=F_FULLFSYNC
  EliteSQL           writers=1  run=2       2806 rows/s  p50=  3760.6 us  p95=  4126.9 us  p99=  4980.4 us  max=  86462.9 us  checkpoint=0.106 s  primitive=F_FULLFSYNC  wal_syncs=4000 avg=3470.7us commits/sync=1.00 max_group=1 grouped=0 coordinated=0/0  lock(wait/hold)=0.1/51.1 us prepare=1.3 append=37.8 apply=11.3 us
  EliteSQL           writers=1  run=3       2920 rows/s  p50=  3094.8 us  p95=  4059.1 us  p99=  4296.7 us  max=   8892.7 us  checkpoint=0.100 s  primitive=F_FULLFSYNC  wal_syncs=4000 avg=3330.4us commits/sync=1.00 max_group=1 grouped=0 coordinated=0/0  lock(wait/hold)=0.1/52.8 us prepare=1.4 append=39.2 apply=11.5 us
  SQLite-fullfsync   writers=1  run=3       2714 rows/s  p50=  3934.8 us  p95=  4123.4 us  p99=  4995.2 us  max=   9846.8 us  checkpoint=0.018 s  primitive=F_FULLFSYNC
  EliteSQL           writers=2  run=1       4490 rows/s  p50=  4013.0 us  p95=  6980.2 us  p99=  8001.0 us  max=  92077.5 us  checkpoint=0.107 s  primitive=F_FULLFSYNC  wal_syncs=2338 avg=3514.0us commits/sync=1.71 max_group=2 grouped=3324 coordinated=3324/1662  lock(wait/hold)=217.5/1527.9 us prepare=6.1 append=21.9 apply=11.5 us
  SQLite-fullfsync   writers=2  run=1       2931 rows/s  p50=  3069.1 us  p95=  4052.8 us  p99=  4370.5 us  max=6884890.4 us  checkpoint=0.023 s  primitive=F_FULLFSYNC
  SQLite-fullfsync   writers=2  run=2       2756 rows/s  p50=  3914.0 us  p95=  4103.8 us  p99=  4894.2 us  max=7200755.8 us  checkpoint=0.018 s  primitive=F_FULLFSYNC
  EliteSQL           writers=2  run=2       4366 rows/s  p50=  4006.4 us  p95=  7039.5 us  p99=  8020.2 us  max= 159388.7 us  checkpoint=0.104 s  primitive=F_FULLFSYNC  wal_syncs=2450 avg=3458.0us commits/sync=1.63 max_group=2 grouped=3100 coordinated=3100/1550  lock(wait/hold)=204.3/1387.1 us prepare=6.6 append=27.8 apply=11.9 us
  EliteSQL           writers=2  run=3       5071 rows/s  p50=  3952.8 us  p95=  6052.2 us  p99=  7044.1 us  max=  12696.4 us  checkpoint=0.105 s  primitive=F_FULLFSYNC  wal_syncs=2182 avg=3289.8us commits/sync=1.83 max_group=2 grouped=3636 coordinated=3636/1818  lock(wait/hold)=235.6/1541.5 us prepare=5.7 append=19.4 apply=10.6 us
  SQLite-fullfsync   writers=2  run=3       2838 rows/s  p50=  3465.4 us  p95=  4072.6 us  p99=  4556.3 us  max=6994899.5 us  checkpoint=0.021 s  primitive=F_FULLFSYNC
  EliteSQL           writers=4  run=1       9874 rows/s  p50=  4009.3 us  p95=  4814.0 us  p99=  5015.0 us  max=   5237.2 us  checkpoint=0.114 s  primitive=F_FULLFSYNC  wal_syncs=1000 avg=3591.3us commits/sync=4.00 max_group=4 grouped=4000 coordinated=4000/1000  lock(wait/hold)=256.1/929.7 us prepare=7.1 append=12.8 apply=11.3 us
  SQLite-fullfsync   writers=4  run=1       2781 rows/s  p50=  3197.0 us  p95=  4088.1 us  p99=  4952.2 us  max=11021592.2 us  checkpoint=0.020 s  primitive=F_FULLFSYNC
  SQLite-fullfsync   writers=4  run=2       2841 rows/s  p50=  3156.7 us  p95=  4063.8 us  p99=  4389.2 us  max=10537738.2 us  checkpoint=0.019 s  primitive=F_FULLFSYNC
  EliteSQL           writers=4  run=2       9864 rows/s  p50=  4003.2 us  p95=  4287.9 us  p99=  5185.1 us  max=  21125.3 us  checkpoint=0.113 s  primitive=F_FULLFSYNC  wal_syncs=1000 avg=3594.1us commits/sync=4.00 max_group=4 grouped=4000 coordinated=4000/1000  lock(wait/hold)=256.7/930.8 us prepare=7.1 append=13.3 apply=11.3 us
  EliteSQL           writers=4  run=3       9928 rows/s  p50=  4002.4 us  p95=  4181.9 us  p99=  4960.7 us  max=   5732.5 us  checkpoint=0.111 s  primitive=F_FULLFSYNC  wal_syncs=1000 avg=3582.7us commits/sync=4.00 max_group=4 grouped=4000 coordinated=4000/1000  lock(wait/hold)=254.8/925.3 us prepare=7.1 append=11.0 apply=11.0 us
  SQLite-fullfsync   writers=4  run=3       2858 rows/s  p50=  3083.0 us  p95=  4063.0 us  p99=  4251.6 us  max=10714539.9 us  checkpoint=0.018 s  primitive=F_FULLFSYNC
  EliteSQL           writers=8  run=1      20049 rows/s  p50=  3997.7 us  p95=  4215.3 us  p99=  4931.5 us  max=   5745.1 us  checkpoint=0.111 s  primitive=F_FULLFSYNC  wal_syncs=500 avg=3453.8us commits/sync=8.00 max_group=8 grouped=4000 coordinated=4000/500  lock(wait/hold)=237.4/456.0 us prepare=7.3 append=6.0 apply=10.5 us
  SQLite-fullfsync   writers=8  run=1       2865 rows/s  p50=  3074.6 us  p95=  4052.1 us  p99=  4338.7 us  max=12212039.7 us  checkpoint=0.016 s  primitive=F_FULLFSYNC
  SQLite-fullfsync   writers=8  run=2       2783 rows/s  p50=  3641.1 us  p95=  4076.8 us  p99=  4914.0 us  max=12705023.6 us  checkpoint=0.019 s  primitive=F_FULLFSYNC
  EliteSQL           writers=8  run=2      19929 rows/s  p50=  3998.0 us  p95=  4723.3 us  p99=  5109.7 us  max=   5270.8 us  checkpoint=0.103 s  primitive=F_FULLFSYNC  wal_syncs=500 avg=3476.7us commits/sync=8.00 max_group=8 grouped=4000 coordinated=4000/500  lock(wait/hold)=237.0/458.9 us prepare=7.5 append=6.0 apply=10.4 us
  EliteSQL           writers=8  run=3      19769 rows/s  p50=  4003.1 us  p95=  4740.5 us  p99=  5087.0 us  max=   7032.0 us  checkpoint=0.105 s  primitive=F_FULLFSYNC  wal_syncs=500 avg=3508.8us commits/sync=8.00 max_group=8 grouped=4000 coordinated=4000/500  lock(wait/hold)=237.5/463.0 us prepare=7.6 append=6.1 apply=10.1 us
  SQLite-fullfsync   writers=8  run=3       2906 rows/s  p50=  3056.8 us  p95=  4046.1 us  p99=  4245.1 us  max=12060483.8 us  checkpoint=0.019 s  primitive=F_FULLFSYNC
  EliteSQL           writers=16 run=1      38282 rows/s  p50=  4062.2 us  p95=  4876.5 us  p99=  5148.3 us  max=   8748.5 us  checkpoint=0.114 s  primitive=F_FULLFSYNC  wal_syncs=251 avg=3492.5us commits/sync=15.94 max_group=16 grouped=4000 coordinated=4000/251  lock(wait/hold)=197.7/239.1 us prepare=7.2 append=2.8 apply=9.7 us
  SQLite-fullfsync   writers=16 run=1       2685 rows/s  p50=  3896.6 us  p95=  4086.1 us  p99=  4936.0 us  max=13956946.5 us  checkpoint=0.019 s  primitive=F_FULLFSYNC
  SQLite-fullfsync   writers=16 run=2       2871 rows/s  p50=  3073.2 us  p95=  4059.5 us  p99=  4867.5 us  max=13066877.2 us  checkpoint=0.018 s  primitive=F_FULLFSYNC
  EliteSQL           writers=16 run=2      38763 rows/s  p50=  4050.8 us  p95=  4914.7 us  p99=  5096.1 us  max=   5168.9 us  checkpoint=0.105 s  primitive=F_FULLFSYNC  wal_syncs=250 avg=3452.7us commits/sync=16.00 max_group=16 grouped=4000 coordinated=4000/250  lock(wait/hold)=195.6/236.2 us prepare=7.1 append=3.0 apply=9.9 us
  EliteSQL           writers=16 run=3      38065 rows/s  p50=  4056.0 us  p95=  4940.8 us  p99=  5184.9 us  max=   9084.6 us  checkpoint=0.108 s  primitive=F_FULLFSYNC  wal_syncs=251 avg=3532.3us commits/sync=15.94 max_group=16 grouped=4000 coordinated=4000/251  lock(wait/hold)=201.3/240.8 us prepare=6.8 append=2.8 apply=9.3 us
  SQLite-fullfsync   writers=16 run=3       2731 rows/s  p50=  3718.4 us  p95=  4074.9 us  p99=  4857.0 us  max=13744107.5 us  checkpoint=0.020 s  primitive=F_FULLFSYNC

CSV: /Users/jalbarracin/Code/elitesql/benchmark-results/refresh-2026-09-11/writers-safe.csv
