EliteSQL vs SQLite scalable benchmark
  EliteSQL:     0.0.1
  SQLite:       3.45.0 (rusqlite bundled)
  rows:         10000000
  batch size:   10000
  point reads:  1000 (warm cache, plus 1000 untimed warmups)
  full scans:   1 (unindexed score lookup)
  durability:   EliteSQL fast <-> SQLite WAL + synchronous=OFF 
  engines:      EliteSQL only
  EliteSQL load: batched transactions
  load timing:  ingest wall, final checkpoint, maintenance drain and worker time separated

EliteSQL
  EliteSQL: loaded 1000000/10000000 rows (10%)
  EliteSQL: loaded 2000000/10000000 rows (20%)
  EliteSQL: loaded 3000000/10000000 rows (30%)
  EliteSQL: loaded 4000000/10000000 rows (40%)
  EliteSQL: loaded 5000000/10000000 rows (50%)
  EliteSQL: loaded 6000000/10000000 rows (60%)
  EliteSQL: loaded 7000000/10000000 rows (70%)
  EliteSQL: loaded 8000000/10000000 rows (80%)
  EliteSQL: loaded 9000000/10000000 rows (90%)
  EliteSQL: loaded 10000000/10000000 rows (100%)
  load phases: 1.781 s record construction + 2.623 s staging + 11.229 s commit/bulk calls (automatic primary flushes may overlap)
  commit internals: 11.197 s total (1000), 0.619 s lock wait, 1.570 s prepare, 8.999 s WAL, 2.409 s apply, 0.000 s other/admission wait
  exclusive commit phases: 0.141 s prepare + 0.994 s record encode + 0.121 s validation + 0.490 s WAL encode + 6.413 s WAL append + 0.000 s sync wait + 2.409 s MVCC apply + 0.000 s maintenance wait
  primary LSM: 11 runs, 1 promotions (1.712 s worker time), 533.29 MiB checkpoint runs, 333.30 MiB read + 333.30 MiB written by promotions
  logical memory: 384 MiB configured; query peak 16.00/64 MiB, index-delta peak 113.57/128 MiB, maintenance peak 128.00/128 MiB (26 consolidations)

Result
engine     ingest wall    final cp       drain  total load       rows/s      point read    full scan
EliteSQL      15.649 s     0.435 s     0.000 s    16.084 s       621751     1.718 us/op      3.705 s
           checkpoint work: 11.591 s (26), promotion work: 1.712 s (1), disk: 2248.85 MiB

CSV: /Users/jalbarracin/Code/elitesql/crates/elitesql-core/../../benchmark-results/transaction-ingest-2026-09-11/final-formatted/10m-b10k-initial-r2.csv
