EliteSQL vs SQLite scalable benchmark
  EliteSQL:     0.0.1
  SQLite:       3.45.0 (rusqlite bundled)
  rows:         10000000
  batch size:   10000
  point reads:  1000 (warm cache, plus 1000 untimed warmups)
  full scans:   1 (unindexed score lookup)
  durability:   EliteSQL fast <-> SQLite WAL + synchronous=OFF 
  engines:      SQLite only
  EliteSQL load: batched transactions
  load timing:  ingest wall, final checkpoint, maintenance drain and worker time separated

SQLite
  SQLite: loaded 1000000/10000000 rows (10%)
  SQLite: loaded 2000000/10000000 rows (20%)
  SQLite: loaded 3000000/10000000 rows (30%)
  SQLite: loaded 4000000/10000000 rows (40%)
  SQLite: loaded 5000000/10000000 rows (50%)
  SQLite: loaded 6000000/10000000 rows (60%)
  SQLite: loaded 7000000/10000000 rows (70%)
  SQLite: loaded 8000000/10000000 rows (80%)
  SQLite: loaded 9000000/10000000 rows (90%)
  SQLite: loaded 10000000/10000000 rows (100%)
  transaction phases: 0.563 s value construction + 3.750 s execute + 1.252 s commit calls

Result
engine     ingest wall    final cp       drain  total load       rows/s      point read    full scan
SQLite         5.689 s     1.152 s     0.000 s     6.841 s      1461699     6.468 us/op      0.306 s
           checkpoint work: 1.152 s (1), promotion work: 0.000 s (0), disk: 1520.11 MiB

CSV: /Users/jalbarracin/Code/elitesql/crates/elitesql-core/../../benchmark-results/transaction-ingest-2026-09-11/final-formatted/10m-b10k-sqlite-r4.csv
