EliteSQL vs SQLite scalable benchmark
  EliteSQL:     0.0.1
  SQLite:       3.45.0 (rusqlite bundled)
  rows:         10000000
  batch size:   10000
  point reads:  1000 (warm cache, plus 1000 untimed warmups)
  full scans:   1 (unindexed score lookup)
  durability:   EliteSQL fast <-> SQLite WAL + synchronous=OFF 
  engines:      EliteSQL only
  EliteSQL load: batched transactions
  load timing:  ingest wall, final checkpoint, maintenance drain and worker time separated

EliteSQL
  EliteSQL: loaded 1000000/10000000 rows (10%)
  EliteSQL: loaded 2000000/10000000 rows (20%)
  EliteSQL: loaded 3000000/10000000 rows (30%)
  EliteSQL: loaded 4000000/10000000 rows (40%)
  EliteSQL: loaded 5000000/10000000 rows (50%)
  EliteSQL: loaded 6000000/10000000 rows (60%)
  EliteSQL: loaded 7000000/10000000 rows (70%)
  EliteSQL: loaded 8000000/10000000 rows (80%)
  EliteSQL: loaded 9000000/10000000 rows (90%)
  EliteSQL: loaded 10000000/10000000 rows (100%)
  load phases: 1.637 s record construction + 1.645 s staging + 8.450 s commit/bulk calls (automatic primary flushes may overlap)
  commit internals: 8.396 s total (1000), 0.604 s lock wait, 1.282 s prepare, 6.499 s WAL, 0.977 s apply, 0.000 s other/admission wait
  exclusive commit phases: 0.052 s prepare + 0.780 s record encode + 0.121 s validation + 0.499 s WAL encode + 5.351 s WAL append + 0.000 s sync wait + 0.977 s MVCC apply + 0.002 s maintenance wait
  primary LSM: 11 runs, 1 promotions (1.531 s worker time), 533.29 MiB checkpoint runs, 333.30 MiB read + 333.30 MiB written by promotions
  logical memory: 384 MiB configured; query peak 16.00/64 MiB, index-delta peak 113.57/128 MiB, maintenance peak 128.00/128 MiB (26 consolidations)

Result
engine     ingest wall    final cp       drain  total load       rows/s      point read    full scan
EliteSQL      11.763 s     0.189 s     0.000 s    11.953 s       836620     2.301 us/op      2.129 s
           checkpoint work: 9.482 s (26), promotion work: 1.531 s (1), disk: 2248.85 MiB

CSV: /Users/jalbarracin/Code/elitesql/crates/elitesql-core/../../benchmark-results/transaction-ingest-2026-09-11/final-formatted/10m-b10k-final-r2.csv
