EliteSQL vs SQLite scalable benchmark
  EliteSQL:     0.0.1
  SQLite:       3.45.0 (rusqlite bundled)
  rows:         1000000
  batch size:   1000
  point reads:  1000 (warm cache, plus 1000 untimed warmups)
  full scans:   1 (unindexed score lookup)
  durability:   EliteSQL fast <-> SQLite WAL + synchronous=OFF 
  engines:      SQLite only
  EliteSQL load: batched transactions
  load timing:  ingest wall, final checkpoint, maintenance drain and worker time separated

SQLite
  SQLite: loaded 100000/1000000 rows (10%)
  SQLite: loaded 200000/1000000 rows (20%)
  SQLite: loaded 300000/1000000 rows (30%)
  SQLite: loaded 400000/1000000 rows (40%)
  SQLite: loaded 500000/1000000 rows (50%)
  SQLite: loaded 600000/1000000 rows (60%)
  SQLite: loaded 700000/1000000 rows (70%)
  SQLite: loaded 800000/1000000 rows (80%)
  SQLite: loaded 900000/1000000 rows (90%)
  SQLite: loaded 1000000/1000000 rows (100%)
  transaction phases: 0.067 s value construction + 0.403 s execute + 0.222 s commit calls

Result
engine     ingest wall    final cp       drain  total load       rows/s      point read    full scan
SQLite         0.708 s     0.149 s     0.000 s     0.856 s      1167599     2.638 us/op      0.030 s
           checkpoint work: 0.149 s (1), promotion work: 0.000 s (0), disk: 151.51 MiB

CSV: /Users/jalbarracin/Code/elitesql/crates/elitesql-core/../../benchmark-results/transaction-ingest-2026-09-11/final-formatted/1m-b1k-sqlite-r7.csv
